  yes            12/12 clips
  no             11/11 clips
  help           14/14 clips
  what           12/12 clips
  who            14/14 clips
  why            11/11 clips
  how            9/9 clips
  go             15/15 clips
  drink          15/15 clips
  computer       14/14 clips
  before         16/16 clips
  later          12/12 clips
  now            9/9 clips
  today          9/9 clips
  yesterday      10/10 clips
  soon           11/11 clips
  good           10/10 clips
  bad            10/10 clips
  hot            10/10 clips
  cold           12/12 clips
  fine           9/9 clips
  happy          8/8 clips
  family         11/11 clips
  mother         11/11 clips
  brother        11/11 clips
  son            10/10 clips
  daughter       10/10 clips
  man            12/12 clips
  woman          11/11 clips
  girl           9/9 clips
  baby           9/9 clips
    failed data/data_18/10450.mp4: 404 Client Error: Not Found for url: https://huggingface.co/datasets/Voxel51/WLASL/resolve/main/data/data_18/10450.mp4
    failed data/data_18/10453.mp4: 404 Client Error: Not Found for url: https://huggingface.co/datasets/Voxel51/WLASL/resolve/main/data/data_18/10453.mp4
  child          7/9 clips
  doctor         10/10 clips
  deaf           11/11 clips
  water          9/9 clips
  want           9/9 clips
  like           10/10 clips
  give           10/10 clips
  take           11/11 clips
  call           12/12 clips
  work           10/10 clips
  school         9/9 clips
  study          10/10 clips
  learn          8/8 clips
  write          10/10 clips
  wait           10/10 clips
  meet           9/9 clips
  finish         9/9 clips
  sign           9/9 clips
  language       10/10 clips

530 clips across 50 glosses -> D:\sign-language-translator\backend\data\raw
next: python -m ml.preprocess
