  come here      8/8 clips
  discuss        8/8 clips
  dollar         8/8 clips
  down           8/8 clips
  dress          8/8 clips
  ear            8/8 clips
  east           8/8 clips
  enjoy          8/8 clips
  escape         8/8 clips
  exchange       8/8 clips
  expensive      8/8 clips
  face           8/8 clips
  farm           8/8 clips
  find           8/8 clips
  fly            8/8 clips
  front          8/8 clips
  group          8/8 clips
  hearing        8/8 clips
  heart          8/8 clips
  helicopter     8/8 clips
  her            8/8 clips
  history        8/8 clips
  humble         8/8 clips
  idea           8/8 clips
  important      8/8 clips
  internet       8/8 clips
  jealous        8/8 clips
  join           8/8 clips
  know           8/8 clips
  late           8/8 clips
  lemon          8/8 clips
  light          8/8 clips
  match          8/8 clips
  mean           8/8 clips
  meat           8/8 clips
  medicine       8/8 clips
  mirror         8/8 clips
  miss           8/8 clips
  more           8/8 clips
  music          8/8 clips
  onion          8/8 clips
  overwhelm      8/8 clips
  pants          8/8 clips
  paper          8/8 clips
  police         8/8 clips
  possible       8/8 clips
  postpone       8/8 clips
  potato         8/8 clips
  presentation   8/8 clips
  present        8/8 clips
  purple         8/8 clips
  rabbit         8/8 clips
  ride           8/8 clips
  rob            8/8 clips
  russia         8/8 clips
  sad            8/8 clips
  salt           8/8 clips
  save           8/8 clips
  scared         8/8 clips
  scissors       8/8 clips
  secret         8/8 clips
  shine          8/8 clips
  sick           8/8 clips
  since          8/8 clips
  sky            8/8 clips
  slow           8/8 clips
  small          8/8 clips
  smart          8/8 clips
  soft           8/8 clips
  special        8/8 clips
  spin           8/8 clips
  spray          8/8 clips
  stink          8/8 clips
  straight       8/8 clips
  strawberry     8/8 clips
  stress         8/8 clips
  strong         8/8 clips
  student        8/8 clips
  sunday         8/8 clips
  sunset         8/8 clips
  teacher        8/8 clips
  tease          8/8 clips
  temperature    8/8 clips
  tent           8/8 clips
  test           8/8 clips
  thirsty        8/8 clips
  time           8/8 clips
  tomato         8/8 clips
  transfer       8/8 clips
  underwear      8/8 clips
  vote           8/8 clips
  watch          8/8 clips
  weather        8/8 clips
  wednesday      8/8 clips
  west           8/8 clips
  when           8/8 clips
  wife           8/8 clips
  wind           8/8 clips
  with           8/8 clips
  word           8/8 clips
  wrong          8/8 clips
  yellow         8/8 clips
  you            8/8 clips
  about          7/7 clips
  adult          7/7 clips
  after          7/7 clips
  afternoon      7/7 clips
  age            7/7 clips
  airplane       7/7 clips
  a lot          7/7 clips

873 clips across 110 glosses -> D:\sign-language-translator\backend\data\raw
next: python -m ml.preprocess
